[00:01:04] [Server thread/INFO]: alkeys-afk lost connection: Killed
[00:01:04] [Server thread/INFO]: alkeys-afk left the game
[00:01:13] [Server thread/INFO]: bryan13-afk lost connection: Killed
[00:01:13] [Server thread/INFO]: bryan13-afk left the game
[00:04:07] [Server thread/INFO]: bryan13 was slain by Zombie
[00:08:39] [Server thread/INFO]: bryan13 died
[00:09:15] [Server thread/INFO]: bryan13 died
[00:15:04] [Server thread/INFO]: [Not Secure] <alkeys> -8504 2096
[00:17:11] [Server thread/INFO]: [Not Secure] <alkeys> -8536 2096
[00:19:20] [Server thread/INFO]: [Not Secure] <alkeys> -8504 206 2096
[00:27:53] [Server thread/WARN]: Can't keep up! Is the server overloaded? Running 2821ms or 56 ticks behind
[00:37:53] [Server thread/INFO]: COULDNT SUMMON FAKE PLAYER alkeys-afk
[00:37:53] [Server thread/INFO]: alkeys-afk[local] logged in with entity id 65880 at (-8408.456718582764, 240.0, 2229.300000011921)
[00:37:53] [Server thread/INFO]: [Essential Commands] Loading PlayerData for player with uuid '48c9d56f-f7ed-3078-b487-2aa1ea0a3482'.
[00:37:53] [Server thread/INFO]: alkeys-afk joined the game
[00:37:53] [Server thread/INFO]: [Essential Commands] Loading PlayerProfile for player with uuid '48c9d56f-f7ed-3078-b487-2aa1ea0a3482'.
[00:37:54] [ForkJoinPool.commonPool-worker-15/INFO]: Loaded 1 player data objects (took 0s 431ms)
[00:38:24] [Server thread/INFO]: alkeys-afk lost connection: Killed
[00:38:24] [Server thread/INFO]: alkeys-afk left the game
[00:38:53] [Server thread/INFO]: COULDNT SUMMON FAKE PLAYER alkeys-afk
[00:38:53] [Server thread/INFO]: alkeys-afk[local] logged in with entity id 66710 at (-8408.300000011921, 240.0, 2229.367762374987)
[00:38:53] [Server thread/INFO]: [Essential Commands] Loading PlayerData for player with uuid '48c9d56f-f7ed-3078-b487-2aa1ea0a3482'.
[00:38:53] [Server thread/INFO]: Loaded 1 player data objects (took 0s 0ms)
[00:38:53] [Server thread/INFO]: alkeys-afk joined the game
[00:38:53] [Server thread/INFO]: [Essential Commands] Loading PlayerProfile for player with uuid '48c9d56f-f7ed-3078-b487-2aa1ea0a3482'.
[00:39:22] [Server thread/INFO]: COULDNT SUMMON FAKE PLAYER bryan13-afk
[00:39:23] [Server thread/INFO]: bryan13-afk[local] logged in with entity id 67203 at (-1069.6571496633183, 208.0, 264.13994240070656)
[00:39:23] [Server thread/INFO]: [Essential Commands] Loading PlayerData for player with uuid '4e420353-6ad8-34fb-b67b-2e5c83be704d'.
[00:39:23] [Server thread/INFO]: bryan13-afk joined the game
[00:39:23] [Server thread/INFO]: [Essential Commands] Loading PlayerProfile for player with uuid '4e420353-6ad8-34fb-b67b-2e5c83be704d'.
[00:39:23] [ForkJoinPool.commonPool-worker-15/INFO]: Loaded 1 player data objects (took 0s 450ms)
[00:43:53] [Server thread/INFO]: alkeys-afk lost connection: Killed
[00:43:53] [Server thread/INFO]: alkeys-afk left the game
[00:44:22] [Server thread/INFO]: bryan13-afk lost connection: Killed
[00:44:22] [Server thread/INFO]: bryan13-afk left the game
[00:44:51] [Server thread/INFO]: COULDNT SUMMON FAKE PLAYER alkeys-afk
[00:44:51] [Server thread/INFO]: alkeys-afk[local] logged in with entity id 73456 at (-1065.8596737068935, 208.5, 262.5358759451076)
[00:44:51] [Server thread/INFO]: [Essential Commands] Loading PlayerData for player with uuid '48c9d56f-f7ed-3078-b487-2aa1ea0a3482'.
[00:44:51] [Server thread/INFO]: Loaded 1 player data objects (took 0s 0ms)
[00:44:51] [Server thread/INFO]: alkeys-afk joined the game
[00:44:51] [Server thread/INFO]: [Essential Commands] Loading PlayerProfile for player with uuid '48c9d56f-f7ed-3078-b487-2aa1ea0a3482'.
[00:45:00] [Server thread/INFO]: alkeys-afk lost connection: Killed
[00:45:00] [Server thread/INFO]: alkeys-afk left the game
[00:45:19] [Server thread/INFO]: COULDNT SUMMON FAKE PLAYER alkeys-afk
[00:45:19] [Server thread/INFO]: alkeys-afk[local] logged in with entity id 74036 at (-1065.6955974685357, 208.0, 262.30000001192093)
[00:45:19] [Server thread/INFO]: [Essential Commands] Loading PlayerData for player with uuid '48c9d56f-f7ed-3078-b487-2aa1ea0a3482'.
[00:45:19] [Server thread/INFO]: Loaded 1 player data objects (took 0s 0ms)
[00:45:19] [Server thread/INFO]: alkeys-afk joined the game
[00:45:19] [Server thread/INFO]: [Essential Commands] Loading PlayerProfile for player with uuid '48c9d56f-f7ed-3078-b487-2aa1ea0a3482'.
[00:45:34] [Server thread/INFO]: COULDNT SUMMON FAKE PLAYER bryan13-afk
[00:45:34] [Server thread/INFO]: bryan13-afk[local] logged in with entity id 74299 at (-8408.699999988079, 240.0, 2229.699999988079)
[00:45:34] [Server thread/INFO]: [Essential Commands] Loading PlayerData for player with uuid '4e420353-6ad8-34fb-b67b-2e5c83be704d'.
[00:45:34] [Server thread/INFO]: Loaded 1 player data objects (took 0s 0ms)
[00:45:34] [Server thread/INFO]: bryan13-afk joined the game
[00:45:34] [Server thread/INFO]: [Essential Commands] Loading PlayerProfile for player with uuid '4e420353-6ad8-34fb-b67b-2e5c83be704d'.
[00:46:21] [Server thread/INFO]: alkeys-afk was shot by Skeleton
[00:47:28] [Server thread/INFO]: alkeys-afk lost connection: Killed
[00:47:28] [Server thread/INFO]: alkeys-afk left the game
[00:47:40] [Server thread/INFO]: COULDNT SUMMON FAKE PLAYER alkeys-afk
[00:47:41] [Server thread/INFO]: alkeys-afk[local] logged in with entity id 77282 at (-1065.300000011921, 208.0, 262.30000001192093)
[00:47:41] [Server thread/INFO]: [Essential Commands] Loading PlayerData for player with uuid '48c9d56f-f7ed-3078-b487-2aa1ea0a3482'.
[00:47:41] [Server thread/INFO]: Loaded 1 player data objects (took 0s 0ms)
[00:47:41] [Server thread/INFO]: alkeys-afk joined the game
[00:47:41] [Server thread/INFO]: [Essential Commands] Loading PlayerProfile for player with uuid '48c9d56f-f7ed-3078-b487-2aa1ea0a3482'.
[00:48:06] [Server thread/INFO]: alkeys-afk lost connection: Killed
[00:48:06] [Server thread/INFO]: alkeys-afk left the game
[00:48:07] [Server thread/INFO]: COULDNT SUMMON FAKE PLAYER alkeys-afk
[00:48:07] [Server thread/INFO]: alkeys-afk[local] logged in with entity id 77989 at (-1065.300000011921, 208.0, 262.30000001192093)
[00:48:07] [Server thread/INFO]: [Essential Commands] Loading PlayerData for player with uuid '48c9d56f-f7ed-3078-b487-2aa1ea0a3482'.
[00:48:07] [Server thread/INFO]: Loaded 1 player data objects (took 0s 0ms)
[00:48:07] [Server thread/INFO]: alkeys-afk joined the game
[00:48:07] [Server thread/INFO]: [Essential Commands] Loading PlayerProfile for player with uuid '48c9d56f-f7ed-3078-b487-2aa1ea0a3482'.
[00:48:34] [Server thread/INFO]: alkeys-afk was not rescued in time
[00:48:34] [Server thread/INFO]: alkeys-afk lost connection: alkeys-afk died
[00:48:34] [Server thread/INFO]: alkeys-afk left the game
[00:48:59] [Server thread/INFO]: COULDNT SUMMON FAKE PLAYER alkeys-afk
[00:49:00] [Server thread/INFO]: alkeys-afk[local] logged in with entity id 79291 at (-1065.300000011921, 208.0, 262.30000001192093)
[00:49:00] [Server thread/INFO]: [Essential Commands] Loading PlayerData for player with uuid '48c9d56f-f7ed-3078-b487-2aa1ea0a3482'.
[00:49:00] [Server thread/INFO]: Loaded 1 player data objects (took 0s 0ms)
[00:49:00] [Server thread/INFO]: alkeys-afk joined the game
[00:49:00] [Server thread/INFO]: [Essential Commands] Loading PlayerProfile for player with uuid '48c9d56f-f7ed-3078-b487-2aa1ea0a3482'.
[00:50:34] [Server thread/INFO]: bryan13-afk lost connection: Killed
[00:50:34] [Server thread/INFO]: bryan13-afk left the game
[00:52:17] [Server thread/INFO]: alkeys-afk has made the advancement [Ice Bucket Challenge]
[00:53:59] [Server thread/INFO]: alkeys-afk lost connection: Killed
[00:53:59] [Server thread/INFO]: alkeys-afk left the game
[00:58:12] [Server thread/INFO]: alkeys lost connection: Disconnected
[00:58:12] [Server thread/INFO]: alkeys left the game
[00:58:17] [Server thread/INFO]: alkeys[/127.250.60.245:45509] logged in with entity id 86349 at (-8412.169176328489, 61.0, 2235.699999988079)
[00:58:17] [Server thread/INFO]: [Essential Commands] Loading PlayerData for player with uuid 'a705d6a9-583d-33ac-8ecf-59691f80d283'.
[00:58:17] [Server thread/INFO]: alkeys joined the game
[00:58:17] [Server thread/INFO]: [Essential Commands] Loading PlayerProfile for player with uuid 'a705d6a9-583d-33ac-8ecf-59691f80d283'.
[00:58:17] [ForkJoinPool.commonPool-worker-21/INFO]: Loaded 1 player data objects (took 0s 365ms)
[01:09:54] [Server thread/INFO]: COULDNT SUMMON FAKE PLAYER alkeys-afk
[01:09:54] [Server thread/INFO]: alkeys-afk[local] logged in with entity id 91133 at (-8408.300000011921, 240.0, 2229.4332982821434)
[01:09:54] [Server thread/INFO]: [Essential Commands] Loading PlayerData for player with uuid '48c9d56f-f7ed-3078-b487-2aa1ea0a3482'.
[01:09:54] [Server thread/INFO]: Loaded 1 player data objects (took 0s 0ms)
[01:09:54] [Server thread/INFO]: alkeys-afk joined the game
[01:09:54] [Server thread/INFO]: [Essential Commands] Loading PlayerProfile for player with uuid '48c9d56f-f7ed-3078-b487-2aa1ea0a3482'.
[01:10:58] [Server thread/INFO]: Set the time to 13000
[01:12:23] [Server thread/INFO]: Set the time to 1000
[01:12:45] [Server thread/INFO]: bryan13 lost connection: Disconnected
[01:12:45] [Server thread/INFO]: bryan13 left the game
[01:12:47] [Server thread/INFO]: alkeys lost connection: Disconnected
[01:12:47] [Server thread/INFO]: alkeys left the game
[01:14:54] [Server thread/INFO]: alkeys-afk lost connection: Killed
[01:14:54] [Server thread/INFO]: alkeys-afk left the game
[01:15:54] [Server thread/INFO]: Server empty for 60 seconds, pausing
